// Vitest Snapshot v1, https://vitest.dev/guide/snapshot.html

exports[`Dashboard Component > should match component snapshot 1`] = `
<div>
  <div
    class="_container_82773c"
  >
    <div
      class="absolute inset-0 overflow-hidden pointer-events-none"
    >
      <div
        aria-hidden="true"
        class="absolute top-0 left-0 rounded-full -z-10"
        style="width: 600px; height: 600px; background: rgba(221, 190, 221, 0.2); filter: blur(120px);"
      />
      <div
        aria-hidden="true"
        class="absolute bottom-0 right-0 rounded-full -z-10"
        style="width: 700px; height: 700px; background: rgba(168, 218, 220, 0.2); filter: blur(120px);"
      />
    </div>
    <header
      class="text-center pt-14 px-8"
    >
      <h1
        class="text-3xl font-extrabold text-blue-900"
      >
        RuyiSDK 下载统计
      </h1>
      <div
        class="mx-auto mt-6 max-w-screen-xl border-b border-black/5"
      />
    </header>
    <div
      class="_mainContent_82773c max-w-screen-xl px-3 py-6 md:px-4 md:py-8 lg:px-8 lg:py-14"
    >
      <section
        class="_statsSection_82773c"
      >
        <div
          class="ant-row _statsRow_82773c css-dev-only-do-not-override-mncuj7"
          style="margin-left: -12px; margin-right: -12px; row-gap: 24px;"
        >
          <div
            class="ant-col _statCol0_82773c ant-col-xs-24 ant-col-md-12 ant-col-lg-8 css-dev-only-do-not-override-mncuj7"
            style="padding-left: 12px; padding-right: 12px;"
          >
            <div
              class="mx-auto h-full max-w-md md:max-w-none"
            >
              <div
                aria-describedby="metric-desc-0"
                aria-label="RuyiSDK 组件包下载量: 59,308 次. 包含 GNU/LLVM 工具链、QEMU 等组件"
                class="_statCard_82773c"
                data-stat="RuyiSDK 组件包下载量"
                role="region"
                tabindex="0"
              >
                <h3
                  class="_statTitle_82773c"
                >
                  RuyiSDK 组件包下载量
                </h3>
                <div
                  class="_statValue_82773c"
                >
                  <span
                    class="_valueNumber_82773c"
                  >
                    59,308
                  </span>
                  <span
                    class="_statUnit_82773c"
                  >
                    次
                  </span>
                </div>
                <div
                  class="_statDivider_82773c"
                />
                <p
                  class="_statNote_82773c"
                >
                  包含 GNU/LLVM 工具链、QEMU 等组件
                </p>
                <div
                  class="_cardDescription_82773c"
                  id="metric-desc-0"
                >
                  <div
                    class="text-left text-xs leading-relaxed max-w-xs md:max-w-sm"
                  >
                    <p>
                      ISCAS 镜像源 
                      <code
                        class="bg-black/10 dark:bg-black/20 px-1 rounded"
                      >
                        ruyisdk/dist
                      </code>
                       目录下所有二进制组件包的累计下载次数（包含 GNU/LLVM 工具链、QEMU 模拟器、调试器、性能分析工具等）。
                    </p>
                  </div>
                </div>
              </div>
            </div>
          </div>
          <div
            class="ant-col _statCol1_82773c ant-col-xs-24 ant-col-md-12 ant-col-lg-8 css-dev-only-do-not-override-mncuj7"
            style="padding-left: 12px; padding-right: 12px;"
          >
            <div
              class="mx-auto h-full max-w-md md:max-w-none"
            >
              <div
                aria-describedby="metric-desc-1"
                aria-label="RuyiSDK 遥测设备数: 22,392 台. 上报设备数"
                class="_statCard_82773c"
                data-stat="RuyiSDK 遥测设备数"
                role="region"
                tabindex="0"
              >
                <h3
                  class="_statTitle_82773c"
                >
                  RuyiSDK 遥测设备数
                </h3>
                <div
                  class="_statValue_82773c"
                >
                  <span
                    class="_valueNumber_82773c"
                  >
                    22,392
                  </span>
                  <span
                    class="_statUnit_82773c"
                  >
                    台
                  </span>
                </div>
                <div
                  class="_statDivider_82773c"
                />
                <p
                  class="_statNote_82773c"
                >
                  上报设备数
                </p>
                <div
                  class="_cardDescription_82773c"
                  id="metric-desc-1"
                >
                  <div
                    class="text-left text-xs leading-relaxed max-w-xs md:max-w-sm"
                  >
                    <p>
                      RuyiSDK 包管理器向后端上报的唯一设备标识符（UUID）的去重数量。
                    </p>
                  </div>
                </div>
              </div>
            </div>
          </div>
          <div
            class="ant-col _statCol2_82773c ant-col-xs-24 ant-col-md-12 ant-col-lg-8 css-dev-only-do-not-override-mncuj7"
            style="padding-left: 12px; padding-right: 12px;"
          >
            <div
              class="mx-auto h-full max-w-md md:max-w-none"
            >
              <div
                aria-describedby="metric-desc-2"
                aria-label="RuyiSDK 文档下载量: 29,290 次. 含用户手册、峰会演示稿、规格书"
                class="_statCard_82773c"
                data-stat="RuyiSDK 文档下载量"
                role="region"
                tabindex="0"
              >
                <h3
                  class="_statTitle_82773c"
                >
                  RuyiSDK 文档下载量
                </h3>
                <div
                  class="_statValue_82773c"
                >
                  <span
                    class="_valueNumber_82773c"
                  >
                    29,290
                  </span>
                  <span
                    class="_statUnit_82773c"
                  >
                    次
                  </span>
                </div>
                <div
                  class="_statDivider_82773c"
                />
                <p
                  class="_statNote_82773c"
                >
                  含用户手册、峰会演示稿、规格书
                </p>
                <div
                  class="_cardDescription_82773c"
                  id="metric-desc-2"
                >
                  <div
                    class="text-left text-xs leading-relaxed max-w-xs md:max-w-sm"
                  >
                    <p>
                      ISCAS 镜像源分发的文档资源（PDF、HTML 包、Markdown 打包文件等）的下载次数。
                    </p>
                  </div>
                </div>
              </div>
            </div>
          </div>
          <div
            class="ant-col _statCol3_82773c ant-col-xs-24 ant-col-md-12 ant-col-lg-8 css-dev-only-do-not-override-mncuj7"
            style="padding-left: 12px; padding-right: 12px;"
          >
            <div
              class="mx-auto h-full max-w-md md:max-w-none"
            >
              <div
                aria-describedby="metric-desc-3"
                aria-label="RuyiSDK 包管理器下载量: 87,399 次. RuyiSDK CLI 工具，三渠道下载量汇总"
                class="_statCard_82773c"
                data-stat="RuyiSDK 包管理器下载量"
                role="region"
                tabindex="0"
              >
                <h3
                  class="_statTitle_82773c"
                >
                  RuyiSDK 包管理器下载量
                </h3>
                <div
                  class="_statValue_82773c"
                >
                  <span
                    class="_valueNumber_82773c"
                  >
                    87,399
                  </span>
                  <span
                    class="_statUnit_82773c"
                  >
                    次
                  </span>
                </div>
                <div
                  class="_statDivider_82773c"
                />
                <p
                  class="_statNote_82773c"
                >
                  RuyiSDK CLI 工具，三渠道下载量汇总
                </p>
                <div
                  class="_cardDescription_82773c"
                  id="metric-desc-3"
                >
                  <div
                    class="text-left text-xs leading-relaxed max-w-xs md:max-w-sm"
                  >
                    <p>
                      Ruyi 包管理器命令行工具 
                      <code
                        class="bg-black/10 dark:bg-black/20 px-1 rounded"
                      >
                        ruyi
                      </code>
                       在以下三个渠道的累计下载次数汇总：
                    </p>
                    <ul
                      class="list-disc pl-4 mt-1"
                    >
                      <li>
                        ISCAS 镜像源（
                        <code
                          class="bg-black/10 dark:bg-black/20 px-1 rounded"
                        >
                          ruyi/
                        </code>
                         目录下）
                      </li>
                      <li>
                        GitHub Releases（预编译二进制包）
                      </li>
                      <li>
                        PyPI（
                        <code
                          class="bg-black/10 dark:bg-black/20 px-1 rounded"
                        >
                          pip install ruyi
                        </code>
                        ）
                      </li>
                    </ul>
                  </div>
                </div>
              </div>
            </div>
          </div>
          <div
            class="ant-col _statCol4_82773c ant-col-xs-24 ant-col-md-12 ant-col-lg-8 css-dev-only-do-not-override-mncuj7"
            style="padding-left: 12px; padding-right: 12px;"
          >
            <div
              class="mx-auto h-full max-w-md md:max-w-none"
            >
              <div
                aria-describedby="metric-desc-4"
                aria-label="RuyiSDK VS Code 插件下载量: 564 次. 不含两个市场 Open VSX、Visual Studio Marketplace"
                class="_statCard_82773c"
                data-stat="RuyiSDK VS Code 插件下载量"
                role="region"
                tabindex="0"
              >
                <h3
                  class="_statTitle_82773c"
                >
                  RuyiSDK VS Code 插件下载量
                </h3>
                <div
                  class="_statValue_82773c"
                >
                  <span
                    class="_valueNumber_82773c"
                  >
                    564
                  </span>
                  <span
                    class="_statUnit_82773c"
                  >
                    次
                  </span>
                </div>
                <div
                  class="_statDivider_82773c"
                />
                <p
                  class="_statNote_82773c"
                >
                  不含两个市场 Open VSX、Visual Studio Marketplace
                </p>
                <div
                  class="_cardDescription_82773c"
                  id="metric-desc-4"
                >
                  <div
                    class="text-left text-xs leading-relaxed max-w-xs md:max-w-sm"
                  >
                    <p>
                      RuyiSDK VS Code 插件在 ISCAS 镜像源（离线 VSIX 文件）和 GitHub Releases 的累计下载次数。
                    </p>
                  </div>
                </div>
              </div>
            </div>
          </div>
          <div
            class="ant-col _statCol5_82773c ant-col-xs-24 ant-col-md-12 ant-col-lg-8 css-dev-only-do-not-override-mncuj7"
            style="padding-left: 12px; padding-right: 12px;"
          >
            <div
              class="mx-auto h-full max-w-md md:max-w-none"
            >
              <div
                aria-describedby="metric-desc-5"
                aria-label="RuyiSDK Eclipse 组件下载量: 2,629 次. IDE定制包 + 插件，不含 Eclipse Marketplace 市场"
                class="_statCard_82773c"
                data-stat="RuyiSDK Eclipse 组件下载量"
                role="region"
                tabindex="0"
              >
                <h3
                  class="_statTitle_82773c"
                >
                  RuyiSDK Eclipse 组件下载量
                </h3>
                <div
                  class="_statValue_82773c"
                >
                  <span
                    class="_valueNumber_82773c"
                  >
                    2,629
                  </span>
                  <span
                    class="_statUnit_82773c"
                  >
                    次
                  </span>
                </div>
                <div
                  class="_statDivider_82773c"
                />
                <p
                  class="_statNote_82773c"
                >
                  IDE定制包 + 插件，不含 Eclipse Marketplace 市场
                </p>
                <div
                  class="_cardDescription_82773c"
                  id="metric-desc-5"
                >
                  <div
                    class="text-left text-xs leading-relaxed max-w-xs md:max-w-sm"
                  >
                    <p>
                      RuyiSDK 提供的 Eclipse IDE 定制包及插件的累计下载次数。
                    </p>
                  </div>
                </div>
              </div>
            </div>
          </div>
        </div>
        <div
          class="_updateTime_82773c text-[0.74rem]"
        >
          数据更新时间
          : 
          2026-07-16 16:00
        </div>
      </section>
      <div
        class="_detailToggle_82773c"
        role="button"
        tabindex="0"
      >
        📊 
        RuyiSDK 统计数据详细说明
         ▾
      </div>
    </div>
  </div>
</div>
`;
